-- Test Setup: TwoMeasurementsManyFieldsTwoChunks
-- SQL: SELECT * from h2o;
-- Results After Sorting
+--------+------------+-------+------+--------------------------------+
| city   | other_temp | state | temp | time                           |
+--------+------------+-------+------+--------------------------------+
| Boston | 70.4       | MA    |      | 1970-01-01T00:00:00.000000250Z |
| Boston | 72.4       | CA    |      | 1970-01-01T00:00:00.000000150Z |
| Boston |            | MA    | 70.4 | 1970-01-01T00:00:00.000000050Z |
+--------+------------+-------+------+--------------------------------+
-- SQL: EXPLAIN SELECT * from h2o;
-- Results After Normalizing UUIDs
+---------------+----------------------------------------------------------------------------------------------------------------------------------------------------------------------------------------------------------------------------+
| plan_type     | plan                                                                                                                                                                                                                       |
+---------------+----------------------------------------------------------------------------------------------------------------------------------------------------------------------------------------------------------------------------+
| logical_plan  | Projection: h2o.city, h2o.other_temp, h2o.state, h2o.temp, h2o.time                                                                                                                                                        |
|               |   TableScan: h2o projection=[city, other_temp, state, temp, time]                                                                                                                                                          |
| physical_plan | ProjectionExec: expr=[city@0 as city, other_temp@1 as other_temp, state@2 as state, temp@3 as temp, time@4 as time]                                                                                                        |
|               |   DeduplicateExec: [city@0 ASC,state@2 ASC,time@4 ASC]                                                                                                                                                                     |
|               |     SortPreservingMergeExec: [city@0 ASC,state@2 ASC,time@4 ASC]                                                                                                                                                           |
|               |       SortExec: [city@0 ASC,state@2 ASC,time@4 ASC]                                                                                                                                                                        |
|               |         UnionExec                                                                                                                                                                                                          |
|               |           ParquetExec: limit=None, partitions={1 group: [[1/1/1/1/00000000-0000-0000-0000-000000000000.parquet]]}, output_ordering=[city@0 ASC, state@2 ASC, time@4 ASC], projection=[city, other_temp, state, temp, time] |
|               |           RecordBatchesExec: batches_groups=1 batches=1                                                                                                                                                                    |
|               |                                                                                                                                                                                                                            |
+---------------+----------------------------------------------------------------------------------------------------------------------------------------------------------------------------------------------------------------------------+
-- SQL: select temp, other_temp, time from h2o;
+------+------------+--------------------------------+
| temp | other_temp | time                           |
+------+------------+--------------------------------+
|      | 72.4       | 1970-01-01T00:00:00.000000150Z |
| 70.4 |            | 1970-01-01T00:00:00.000000050Z |
|      | 70.4       | 1970-01-01T00:00:00.000000250Z |
+------+------------+--------------------------------+
-- SQL: EXPLAIN select temp, other_temp, time from h2o;
-- Results After Normalizing UUIDs
+---------------+------------------------------------------------------------------------------------------------------------------------------------------------------------------------------------------------------------------------------+
| plan_type     | plan                                                                                                                                                                                                                         |
+---------------+------------------------------------------------------------------------------------------------------------------------------------------------------------------------------------------------------------------------------+
| logical_plan  | Projection: h2o.temp, h2o.other_temp, h2o.time                                                                                                                                                                               |
|               |   TableScan: h2o projection=[other_temp, temp, time]                                                                                                                                                                         |
| physical_plan | ProjectionExec: expr=[temp@1 as temp, other_temp@0 as other_temp, time@2 as time]                                                                                                                                            |
|               |   ProjectionExec: expr=[other_temp@1 as other_temp, temp@3 as temp, time@4 as time]                                                                                                                                          |
|               |     DeduplicateExec: [city@0 ASC,state@2 ASC,time@4 ASC]                                                                                                                                                                     |
|               |       SortPreservingMergeExec: [city@0 ASC,state@2 ASC,time@4 ASC]                                                                                                                                                           |
|               |         SortExec: [city@0 ASC,state@2 ASC,time@4 ASC]                                                                                                                                                                        |
|               |           UnionExec                                                                                                                                                                                                          |
|               |             ParquetExec: limit=None, partitions={1 group: [[1/1/1/1/00000000-0000-0000-0000-000000000000.parquet]]}, output_ordering=[city@0 ASC, state@2 ASC, time@4 ASC], projection=[city, other_temp, state, temp, time] |
|               |             RecordBatchesExec: batches_groups=1 batches=1                                                                                                                                                                    |
|               |                                                                                                                                                                                                                              |
+---------------+------------------------------------------------------------------------------------------------------------------------------------------------------------------------------------------------------------------------------+
