-- Test Setup: InfluxQLSelectSupport
-- InfluxQL: SHOW TAG VALUES WITH KEY = "tag0";
name: select_test
+------+-------+
| key  | value |
+------+-------+
| tag0 | a     |
| tag0 | b     |
+------+-------+
